# Lines prefixed with '+' must occur in translated output.
# Lines prefixed with '-' must not occur in translated output.
+#include <ascify/ascify_cuda_compat.hpp>
+ASCIFY_GLOBAL void GlobalAtomicCoverage(
+old_values[0] = ascify::atomic_add_global(&signed_values[index], 1)
+old_values[1] = ascify::atomic_sub_global(signed_values + index, 2)
+old_values[2] = ascify::atomic_exch_global(&signed_values[index], 3)
+old_values[3] = ascify::atomic_max_global(signed_values + index, 4)
+old_values[4] = ascify::atomic_min_global(&signed_values[index], 5)
+old_values[5] = ascify::atomic_cas_global(signed_values + index, 5, 6)
+old_values[6] = ascify::atomic_and_global(&signed_values[index], 7)
+old_values[7] = ascify::atomic_or_global(signed_values + index, 8)
+old_values[8] = ascify::atomic_xor_global(&signed_values[index], 9)
+old_values[9] = ascify::atomic_inc_global(unsigned_values + index, 10U)
+old_values[10] = ascify::atomic_dec_global(&unsigned_values[index], 10U)
+return atomicAdd(unknown_address, 1)
+atomicAdd(&shared_value, 1)
+atomicAdd(&local_value, 1)
+atomicAdd(local_alias + index, 1)
+atomicAdd(float_values + index, 1.0f)
+atomicAdd(&global_atomic_state, 1)
+ASCIFY_TEST_ATOMIC_MACRO(global_values + index)
-old_values[0] = atomicAdd(&signed_values[index], 1)
-old_values[1] = atomicSub(signed_values + index, 2)
-old_values[2] = atomicExch(&signed_values[index], 3)
-old_values[3] = atomicMax(signed_values + index, 4)
-old_values[4] = atomicMin(&signed_values[index], 5)
-old_values[5] = atomicCAS(signed_values + index, 5, 6)
-old_values[6] = atomicAnd(&signed_values[index], 7)
-old_values[7] = atomicOr(signed_values + index, 8)
-old_values[8] = atomicXor(&signed_values[index], 9)
-old_values[9] = atomicInc(unsigned_values + index, 10U)
-old_values[10] = atomicDec(&unsigned_values[index], 10U)
